// Vitest Snapshot v1, https://vitest.dev/guide/snapshot.html

exports[`rolldown > fixtures/ElCard.vue 1`] = `
"// ElCard.js
import { createElementBlock, defineComponent, openBlock, renderSlot } from "vue";
//#endregion
//#region tests/fixtures/ElCard.vue
const ElCard = /* @__PURE__ */ defineComponent({
	__name: "ElCard",
	setup(__props) {
		console.log("ElCard");
		return (_ctx, _cache) => {
			return openBlock(), createElementBlock("div", null, [renderSlot(_ctx.$slots, "default")]);
		};
	}
});
//#endregion
export { ElCard, ElCard as default };
"
`;

exports[`rolldown > fixtures/UPPER-CASE.vue 1`] = `
"// UPPER-CASE.js
import { defineComponent } from "vue";
//#endregion
//#region tests/fixtures/UPPER-CASE.vue
const UpperCase = /* @__PURE__ */ defineComponent({
	__name: "UPPER-CASE",
	setup(__props) {
		console.log("UPPER-CASE");
		return () => {};
	}
});
//#endregion
export { UpperCase, UpperCase as default };
"
`;

exports[`rolldown > fixtures/basic.vue 1`] = `
"// basic.js
import { createElementBlock, defineComponent, openBlock, renderSlot } from "vue";
//#endregion
//#region tests/fixtures/basic.vue
const Basic = /* @__PURE__ */ defineComponent({
	__name: "basic",
	setup(__props) {
		console.log("basic");
		return (_ctx, _cache) => {
			return openBlock(), createElementBlock("div", null, [renderSlot(_ctx.$slots, "default")]);
		};
	}
});
//#endregion
export { Basic, Basic as default };
"
`;

exports[`rolldown > fixtures/el-button.vue 1`] = `
"// el-button.js
import { createElementBlock, defineComponent, openBlock, renderSlot } from "vue";
//#endregion
//#region tests/fixtures/el-button.vue
const ElButton = /* @__PURE__ */ defineComponent({
	__name: "el-button",
	setup(__props) {
		console.log("el-button");
		return (_ctx, _cache) => {
			return openBlock(), createElementBlock("div", null, [renderSlot(_ctx.$slots, "default")]);
		};
	}
});
//#endregion
export { ElButton, ElButton as default };
"
`;

exports[`rolldown > fixtures/my_button.vue 1`] = `
"// my_button.js
import { createElementBlock, defineComponent, openBlock, renderSlot } from "vue";
//#endregion
//#region tests/fixtures/my_button.vue
const MyButton = /* @__PURE__ */ defineComponent({
	__name: "my_button",
	setup(__props) {
		console.log("my_button");
		return (_ctx, _cache) => {
			return openBlock(), createElementBlock("div", null, [renderSlot(_ctx.$slots, "default")]);
		};
	}
});
//#endregion
export { MyButton, MyButton as default };
"
`;
